# Chat Conversation

Note: _This is purely the output of the chat conversation and does not contain any raw data, codebase snippets, etc. used to generate the output._

### User Input

@[TerminalName: ESP-IDF Monitor , ProcessId: 44375] Estoy desarrrollando esta aplicacion de osciloscopio pero trato de conectar una señal dc y no me mide nada, y cuando lo coloco en modo persistence y roll me mide unsolo punto y me da error, entonces realiza una investigación a fondo y mira a ver que puede ser el error, adicionalmente busca posibles bugs y evalua el desarrollo en general, no rescribas nada sin consultar, evalua y hagamos un brainstorming al finalizar con tus resultados@[/home/wallmonster/Desktop/CPP-ESP32/oscilloscope/pc_app/docs] @[/home/wallmonster/Desktop/CPP-ESP32/oscilloscope/pc_app/README.md] @[/home/wallmonster/Desktop/CPP-ESP32/oscilloscope/README.md] 

*User accepted the command `'/home/wallmonster/.espressif/tools/python/v6.0/venv/bin/python3' '/home/wallmonster/.espressif/v6.0/esp-idf/tools/idf_monitor.py' -p /dev/ttyACM0 -b 115200 --toolchain-prefix xtensa-esp32s3-elf- --make ''/home/wallmonster/.espressif/tools/python/v6.0/venv/bin/python3' '/home/wallmonster/.espressif/v6.0/esp-idf/tools/idf.py'' --target esp32s3 '/home/wallmonster/Desktop/CPP-ESP32/oscilloscope/build/esp32s3_oscilloscope.elf'
--- esp-idf-monitor 1.9.0 on /dev/ttyACM0 115200
--- Quit: Ctrl+] | Menu: Ctrl+T | Help: Ctrl+T followed by Ctrl+H
ESP-ROM:esp32s3-20210327
Build:Mar 27 2021
rst:0x1 (POWERON),boot:0x8 (SPI_FAST_FLASH_BOOT)
SPIWP:0xee
mode:DIO, clock div:1
load:0x3fce2820,len:0x14f0
load:0x403c8700,len:0xda0
load:0x403cb700,len:0x2f58
entry 0x403c8908
I (24) boot: ESP-IDF v6.0-dirty 2nd stage bootloader
I (25) boot: compile time Apr 21 2026 17:09:19
I (25) boot: Multicore bootloader
I (25) boot: chip revision: v0.2
I (28) boot: efuse block revision: v1.4
I (32) boot.esp32s3: Boot SPI Speed : 80MHz
I (35) boot.esp32s3: SPI Mode       : DIO
I (39) boot.esp32s3: SPI Flash Size : 8MB
I (43) boot: Enabling RNG early entropy source...
I (47) boot: Partition Table:
I (50) boot: ## Label            Usage          Type ST Offset   Length
I (56) boot:  0 nvs              WiFi data        01 02 00009000 00006000
I (63) boot:  1 phy_init         RF data          01 01 0000f000 00001000
I (69) boot:  2 factory          factory app      00 00 00010000 00100000
I (76) boot: End of partition table
I (79) esp_image: segment 0: paddr=00010020 vaddr=3c030020 size=131fch ( 78332) map
I (101) esp_image: segment 1: paddr=00023224 vaddr=3fc92400 size=03d10h ( 15632) load
I (104) esp_image: segment 2: paddr=00026f3c vaddr=40374000 size=090dch ( 37084) load
I (113) esp_image: segment 3: paddr=00030020 vaddr=42000020 size=238a4h (145572) map
I (139) esp_image: segment 4: paddr=000538cc vaddr=4037d0dc size=052c4h ( 21188) load
I (144) esp_image: segment 5: paddr=00058b98 vaddr=50000000 size=00024h (    36) load
I (151) boot: Loaded app from partition at offset 0x10000
I (151) boot: Disabling RNG early entropy source...
I (165) octal_psram: vendor id    : 0x0d (AP)
I (165) octal_psram: dev id       : 0x02 (generation 3)
I (165) octal_psram: density      : 0x03 (64 Mbit)
I (167) octal_psram: good-die     : 0x01 (Pass)
I (172) octal_psram: Latency      : 0x01 (Fixed)
I (176) octal_psram: VCC          : 0x01 (3V)
I (180) octal_psram: SRF          : 0x01 (Fast Refresh)
I (185) octal_psram: BurstType    : 0x01 (Hybrid Wrap)
I (190) octal_psram: BurstLen     : 0x01 (32 Byte)
I (194) octal_psram: Readlatency  : 0x02 (10 cycles@Fixed)
I (200) octal_psram: DriveStrength: 0x00 (1/1)
I (204) MSPI Timing: Enter psram timing tuning
I (209) esp_psram: Found 8MB PSRAM device
I (212) esp_psram: Speed: 80MHz
I (215) cpu_start: Multicore app
I (631) esp_psram: SPI SRAM memory test OK
I (639) cpu_start: GPIO 44 and 43 are used as console UART I/O pins
I (640) cpu_start: Pro cpu start user code
I (640) cpu_start: cpu freq: 240000000 Hz
I (641) app_init: Application information:
I (645) app_init: Project name:     esp32s3_oscilloscope
I (650) app_init: App version:      65fc17b
I (654) app_init: Compile time:     Apr 22 2026 19:19:56
I (659) app_init: ELF file SHA256:  2e3eb1216...
I (663) app_init: ESP-IDF:          v6.0-dirty
I (667) efuse_init: Min chip rev:     v0.0
I (671) efuse_init: Max chip rev:     v0.99
I (675) efuse_init: Chip rev:         v0.2
I (679) heap_init: Initializing. RAM available for dynamic allocation:
I (685) heap_init: At 3FCB1380 len 00038390 (224 KiB): RAM
I (691) heap_init: At 3FCE9710 len 00005724 (21 KiB): RAM
I (696) heap_init: At 3FCF0000 len 00008000 (32 KiB): DRAM
I (701) heap_init: At 600FE000 len 00001FE8 (7 KiB): RTCRAM
I (706) esp_psram: Adding pool of 8192K of PSRAM memory to heap allocator
I (713) spi_flash: detected chip: boya
I (716) spi_flash: flash io: dio
W (719) spi_flash: Detected size(16384k) larger than the size in the binary image header(8192k). Using the size in the binary image header.
I (732) sleep_gpio: Configure to isolate all GPIO pins in sleep state
I (738) sleep_gpio: Enable automatic switching of GPIO sleep configuration
I (745) main_task: Started on CPU0
I (757) esp_psram: Reserving pool of 32K of internal memory for DMA/internal allocations
I (757) main_task: Calling app_main()
I (759) osc_main: ESP32-S3 Oscilloscope v1.0 arrancando...
I (785) osc_main: Señal de test 1kHz en GPIO3
W (785) osc_config: NVS no disponible o sin datos, usando defaults
I (785) osc_config: Inicializado. mode=0 rate=83333 Hz
I (790) osc_adc: Calibración curve_fitting OK ch0
I (793) osc_adc: ADC init OK: 1 ch @ 83333 Hz
I (801) osc_dsp: Tablas de ventanas pre-calculadas (1024 puntos)
W (805) tusb_desc: No Device descriptor provided, using default.
W (809) tusb_desc: No Full-speed configuration descriptor provided, using default.
W (816) tusb_desc: No String descriptors provided, using default.
I (822) tusb_desc:
┌─────────────────────────────────┐
│  USB Device Descriptor Summary  │
├───────────────────┬─────────────┤
│bDeviceClass       │ 239         │
├───────────────────┼─────────────┤
│bDeviceSubClass    │ 2           │
├───────────────────┼─────────────┤
│bDeviceProtocol    │ 1           │
├───────────────────┼─────────────┤
│bMaxPacketSize0    │ 64          │
├───────────────────┼─────────────┤
│idVendor           │ 0x303a      │
├───────────────────┼─────────────┤
│idProduct          │ 0x4001      │
├───────────────────┼─────────────┤
│bcdDevice          │ 0x100       │
├───────────────────┼─────────────┤
│iManufacturer      │ 0x1         │
├───────────────────┼─────────────┤
│iProduct           │ 0x2         │
├───────────────────┼─────────────┤
│iSerialNumber      │ 0x3         │
├───────────────────┼─────────────┤
│bNumConfigurations │ 0x1         │
└───────────────────┴─────────────┘
I (989) TinyUSB: TinyUSB Driver installed on port 0
I (994) osc_usb: USB CDC listo (GPIO19=D-, GPIO20=D+)
I (999) osc_main: DSP_PROCESS iniciado en Core 0
I (1003) osc_trigger: Trigger init: level=1000.0 mV, edge=0, ch=0
I (1009) osc_main: ADC_CAPTURE iniciado en Core 1
I (36386) osc_usb: USB CDC conectado
I (758424) osc_usb: USB CDC desconectado`*

*User accepted the command `export IDF_PATH='/home/wallmonster/.espressif/v6.0/esp-idf'
nv/bin/python3' '/home/wallmonster/.espressif/v6.0/esp-idf/tools/idf_monitor.py' -p /dev/ttyACM0 -b 115200 --toolchain-prefix xtensa-esp32s3-elf- --make ''/home/wallmonster/.espressif/tools/python/v6.0/venv/bin/python3' '/home/wallmonster/.espressif/`*

*Listed directory [pc_app](file:///home/wallmonster/Desktop/CPP-ESP32/oscilloscope/pc_app) *

*Listed directory [osc_adc](file:///home/wallmonster/Desktop/CPP-ESP32/oscilloscope/components/osc_adc) *

*Listed directory [core](file:///home/wallmonster/Desktop/CPP-ESP32/oscilloscope/pc_app/core) *

*Listed directory [ui](file:///home/wallmonster/Desktop/CPP-ESP32/oscilloscope/pc_app/ui) *

*Viewed [frame_parser.py](file:///home/wallmonster/Desktop/CPP-ESP32/oscilloscope/pc_app/core/frame_parser.py) *

*Viewed [waveform_widget.py](file:///home/wallmonster/Desktop/CPP-ESP32/oscilloscope/pc_app/ui/waveform_widget.py) *

*Viewed [data_store.py](file:///home/wallmonster/Desktop/CPP-ESP32/oscilloscope/pc_app/core/data_store.py) *

*Viewed [device_controller.py](file:///home/wallmonster/Desktop/CPP-ESP32/oscilloscope/pc_app/core/device_controller.py) *

*Viewed [main_window.py](file:///home/wallmonster/Desktop/CPP-ESP32/oscilloscope/pc_app/ui/main_window.py) *

*Viewed [controls_panel.py](file:///home/wallmonster/Desktop/CPP-ESP32/oscilloscope/pc_app/ui/controls_panel.py) *

*Viewed [channel_panel.py](file:///home/wallmonster/Desktop/CPP-ESP32/oscilloscope/pc_app/ui/channel_panel.py) *

*Edited relevant file*

### Planner Response

He completado la investigación sobre los dos errores reportados:

1. **Problema con la señal DC ("no me mide nada"):** El acoplamiento "DC" actual en el software estaba mal implementado. Estaba reemplazando toda la señal por una línea plana constante, simulando aislar exclusivamente el nivel DC en lugar de dejar pasar todo (DC + AC) como lo hace un osciloscopio real.
2. **Error de "un solo punto" en Persistence/Roll mode:** En el modo persistencia, el eje de tiempo (`t_us`) no se estaba escalando apropiadamente con la frecuencia de muestreo antes de ser enviado a graficar, lo que provocaba que todos los puntos se apelotonaran entre el microsegundo 0 y el 1023 (un punto visualmente). Sumado a eso, habilitar el "Roll Mode" a la vez que el modo persistencia creaba un conflicto en la lógica de renderizado que generaba el error.

He dejado un **Plan de Implementación** a tu derecha con la solución a estos problemas, y una pregunta para ti. Por favor revisa el plan y dime si estás de acuerdo para que pueda proceder con las modificaciones al código.

### User Input



*Edited relevant file*

*Edited relevant file*

*Edited relevant file*

### User Input

continua

*Edited relevant file*